
> tk@0.1.0 start
> next start

   ▲ Next.js 15.5.9
   - Local:        http://localhost:3000
   - Network:      http://10.1.25.8:3000

 ✓ Starting...
 ⚠ "next start" does not work with "output: standalone" configuration. Use "node .next/standalone/server.js" instead.
 ✓ Ready in 5.6s
 ⚠ The "images.domains" configuration is deprecated. Please use "images.remotePatterns" configuration instead.
[Login] Starting login attempt...
[Login] Request body: { login: 'administrator' }
[Login] Looking up user: administrator
[Login] User lookup result: { id: 1, login: 'administrator' }
[Login] Checking password
[Login] Success, returning user: { id: 1, login: 'administrator' }
Received news data: {
  title: 'Стандартизация кинематографии: новый технический комитет «Кинематография»',
  description: 'В ТАСС прошла пресс-конференция, посвященная созданию в России нового технического комитета по стандартизации № 015 «Кинематография». Инициатором его формирования выступил Госфильмофонд России.',
  url: 'https://gosfilmofond.ru/standartizacziya-kinematografii-novyj-tehnicheskij-komitet-kinematografiya/',
  date: '2026-02-11',
  category: 'Госфильмофонд'
}
